// Jest Snapshot v1, https://goo.gl/fbAQLP

exports[`Test Listing Group component render a listing group component 1`] = `
<ListingGroup
  id="id"
  item={
    Object {
      "name": "title text",
    }
  }
>
  <li
    id="id"
  >
    <ListingHeading
      count={1}
      title="title text"
    >
      <div
        className="listing__item listing__item--heading"
        id="title-text"
      >
        <h5
          className="listing__title"
        >
          title text
        </h5>
        <span
          className="listing__count"
        >
          1
        </span>
      </div>
    </ListingHeading>
    <ul>
      <span
        key="1"
      >
        Children
      </span>
    </ul>
  </li>
</ListingGroup>
`;
