// Jest Snapshot v1, https://goo.gl/fbAQLP

exports[`Test Listing Heading component render a listing heading component 1`] = `
<ListingHeading
  count="1"
  title="Title Text"
>
  <div
    className="listing__item listing__item--heading"
    id="title-text"
  >
    <h5
      className="listing__title"
    >
      Title Text
    </h5>
    <span
      className="listing__count"
    >
      1
    </span>
  </div>
</ListingHeading>
`;
