// Jest Snapshot v1, https://goo.gl/fbAQLP

exports[`Test pagedownwidget component render a pagedownwidget component 1`] = `
<PageDownWidget
  helperProps={Object {}}
  id="1"
  init={
    Object {
      "a": 1,
    }
  }
  label="test label"
  name="test name"
  required={false}
  text="test name"
  value="1"
>
  <div>
    <TinyMCE
      helperProps={Object {}}
      id="1"
      init={
        Object {
          "a": 1,
        }
      }
      label="test label"
      name="test name"
      required={false}
      value="1"
    >
      <div
        className="form__group "
      >
        <label
          className="form__question form__question--choice_field select"
          htmlFor="test name"
          required=""
        >
          <span>
            test label
          </span>
        </label>
        <HelperComponent />
        <Editor
          cloudChannel="5"
          id="test name"
          init={
            Object {
              "a": 1,
              "menubar": false,
            }
          }
          initialValue="1"
          onEditorChange={[Function]}
        >
          <textarea
            id="test name"
            style={
              Object {
                "visibility": "hidden",
              }
            }
          />
        </Editor>
      </div>
    </TinyMCE>
    <div
      className="preview"
      dangerouslySetInnerHTML={
        Object {
          "__html": "1",
        }
      }
    />
  </div>
</PageDownWidget>
`;
