// Jest Snapshot v1, https://goo.gl/fbAQLP

exports[`Test pagedownwidget component render a pagedownwidget component 1`] = `
<div>
  <TinyMCE
    helperProps={Object {}}
    id="1"
    init={
      Object {
        "a": 1,
      }
    }
    label="test label"
    name="test name"
    required={false}
    value="1"
  />
  <div
    className="preview"
    dangerouslySetInnerHTML={
      Object {
        "__html": "1",
      }
    }
  />
</div>
`;
