// Jest Snapshot v1, https://goo.gl/fbAQLP

exports[`Test submission link component render a submission link component 1`] = `
<SubmissionLink
  submissionID={1}
>
  <div
    className="submission-link"
  >
    <a
      href="/apply/submissions/1/"
      rel="noopener noreferrer"
      target="_blank"
    >
      Open in new tab
      <svg>
        <use
          xlinkHref="#open-in-new-tab"
        />
      </svg>
    </a>
  </div>
</SubmissionLink>
`;
