// Jest Snapshot v1, https://goo.gl/fbAQLP

exports[`Test loadHTML component render a loadHTML component 1`] = `
<LoadHTML
  text="test name"
>
  <div
    className="form__group rich-text"
  >
    <div
      dangerouslySetInnerHTML={
        Object {
          "__html": "test name",
        }
      }
    />
  </div>
</LoadHTML>
`;
