// Jest Snapshot v1, https://goo.gl/fbAQLP

exports[`Test Helper component render a Helper component 1`] = `
<HelperComponent
  link=""
  text="test name"
>
  <p
    className="form__help"
    dangerouslySetInnerHTML={
      Object {
        "__html": "test name",
      }
    }
  />
</HelperComponent>
`;
