// Jest Snapshot v1, https://goo.gl/fbAQLP

exports[`Test messages Container Should render messages outcome 1`] = `
<MessagesContainer
  dismiss={
    [MockFunction] {
      "calls": Array [
        Array [
          1,
        ],
      ],
    }
  }
  messages={
    Object {
      "m": Object {
        "id": 1,
        "message": "message1",
        "type": "success",
      },
    }
  }
>
  <MessagesList>
    <ul
      className="messages"
    >
      <MessageBar
        key="1"
        message="message1"
        onDismiss={[Function]}
        type="success"
      >
        <li
          className="messages__text messages__text--success"
        >
          <div
            className="messages__inner"
          >
            <p
              className="messages__copy"
            >
              message1
            </p>
            <button
              className="button messages__button"
              onClick={[Function]}
            >
              OK
            </button>
          </div>
        </li>
      </MessageBar>
    </ul>
  </MessagesList>
</MessagesContainer>
`;
